# HELP net_dhcp_build_info Plugin instance identity. The instance_id label changes on every plugin restart, so a counter reset appears as a new series rather than as a rewind.
# TYPE net_dhcp_build_info gauge
net_dhcp_build_info{instance_id="fixture-instance"} 1

# HELP net_dhcp_healthy 1 when the plugin reports itself healthy, 0 when an operator should look. Mirrors the healthy field of /Plugin.Health.
# TYPE net_dhcp_healthy gauge
net_dhcp_healthy 1

# HELP net_dhcp_uptime_seconds Seconds since this plugin process started.
# TYPE net_dhcp_uptime_seconds gauge
net_dhcp_uptime_seconds 1234.5

# HELP net_dhcp_active_endpoints Endpoints with a live DHCP renewal client.
# TYPE net_dhcp_active_endpoints gauge
net_dhcp_active_endpoints 8870803

# HELP net_dhcp_pending_hints CreateEndpoint hints waiting for their Join.
# TYPE net_dhcp_pending_hints gauge
net_dhcp_pending_hints 1152834

# HELP net_dhcp_sandbox_netns_visible Sandbox netns entries the plugin can see; -1 means the directory is unreadable and sandbox-liveness answers carry no evidence.
# TYPE net_dhcp_sandbox_netns_visible gauge
net_dhcp_sandbox_netns_visible 1679618

# HELP net_dhcp_leases_obtained_total Leases obtained from the DHCP server.
# TYPE net_dhcp_leases_obtained_total counter
net_dhcp_leases_obtained_total{family="ipv4"} 4587864
net_dhcp_leases_obtained_total{family="ipv6"} 2143102

# HELP net_dhcp_leases_renewed_total Lease renewals accepted by the DHCP server.
# TYPE net_dhcp_leases_renewed_total counter
net_dhcp_leases_renewed_total{family="ipv4"} 1650584
net_dhcp_leases_renewed_total{family="ipv6"} 8205822

# HELP net_dhcp_lease_changed_total Renewals that came back with a different address than the client held.
# TYPE net_dhcp_lease_changed_total counter
net_dhcp_lease_changed_total{family="ipv4"} 7219253
net_dhcp_lease_changed_total{family="ipv6"} 9664015

# HELP net_dhcp_dhcp_timeouts_total Acquisitions or renewals that expired without an answer.
# TYPE net_dhcp_dhcp_timeouts_total counter
net_dhcp_dhcp_timeouts_total{family="ipv4"} 7428680
net_dhcp_dhcp_timeouts_total{family="ipv6"} 4983918

# HELP net_dhcp_naks_received_total DHCPNAKs received from the server.
# TYPE net_dhcp_naks_received_total counter
net_dhcp_naks_received_total{family="ipv4"} 7664967
net_dhcp_naks_received_total{family="ipv6"} 5220205

# HELP net_dhcp_lease_release_failures_total Leases whose release did not complete cleanly at shutdown, leaving the address held until it expires.
# TYPE net_dhcp_lease_release_failures_total counter
net_dhcp_lease_release_failures_total{family="ipv4"} 3733747
net_dhcp_lease_release_failures_total{family="ipv6"} 1288985

# HELP net_dhcp_dhcp_routes_applied_total DHCP option-121 classless static routes handed to Docker. Counts routes, not Joins.
# TYPE net_dhcp_dhcp_routes_applied_total counter
net_dhcp_dhcp_routes_applied_total 1196133

# HELP net_dhcp_dhcp_default_route_superseded_total Joins whose option-121 routes cover 0.0.0.0/0 by union rather than by a literal default entry, so container egress follows those next hops even though the reported gateway still names the option-3 router. Legitimate in split-tunnel setups; the point is that it is now visible.
# TYPE net_dhcp_dhcp_default_route_superseded_total counter
net_dhcp_dhcp_default_route_superseded_total 6302980

# HELP net_dhcp_lease_time_clamped_total Option-51 lease lifetimes cut down before use as the outage watchdog's deadline. The reported lease time is unchanged. Non-zero means a server granted a container a lease long enough to switch silent-lapse detection off.
# TYPE net_dhcp_lease_time_clamped_total counter
net_dhcp_lease_time_clamped_total 7936126

# HELP net_dhcp_mtu_refused_total Option-26 MTUs outside the range the plugin will apply; the container link keeps the MTU it had.
# TYPE net_dhcp_mtu_refused_total counter
net_dhcp_mtu_refused_total 3489289

# HELP net_dhcp_dhcp_server_tier_fallbacks_total Steps down the dhcp_servers ladder: one per preferred entry that did not answer inside its slice of the budget and handed on to the next. One acquisition against three silent preferred servers adds 2, not 1. The only outside signal that a preferred server is silently dead.
# TYPE net_dhcp_dhcp_server_tier_fallbacks_total counter
net_dhcp_dhcp_server_tier_fallbacks_total 8445708

# HELP net_dhcp_dhcp_server_policy_exhausted_total Acquisitions abandoned because no server listed in dhcp_servers answered.
# TYPE net_dhcp_dhcp_server_policy_exhausted_total counter
net_dhcp_dhcp_server_policy_exhausted_total 5477278

# HELP net_dhcp_dhcp_server_policy_timeouts_total dhcp_timeouts on endpoints whose renewal client is restricted to dhcp_servers.
# TYPE net_dhcp_dhcp_server_policy_timeouts_total counter
net_dhcp_dhcp_server_policy_timeouts_total 2924899

# HELP net_dhcp_recovered_ok_total Endpoints whose renewal client was rebuilt after a plugin restart.
# TYPE net_dhcp_recovered_ok_total counter
net_dhcp_recovered_ok_total 8136428

# HELP net_dhcp_recovery_failed_total Post-restart rebuilds that failed for a container that is still running; it runs without lease renewal and loses its IP at expiry. Healthy-affecting.
# TYPE net_dhcp_recovery_failed_total counter
net_dhcp_recovery_failed_total 1874759

# HELP net_dhcp_recovery_deferred_total Recovery walks postponed because the daemon was still starting (#383). Not a fault.
# TYPE net_dhcp_recovery_deferred_total counter
net_dhcp_recovery_deferred_total 3923189

# HELP net_dhcp_recovery_aborted_container_gone_total Endpoints skipped during recovery because their container had already exited. Not a fault.
# TYPE net_dhcp_recovery_aborted_container_gone_total counter
net_dhcp_recovery_aborted_container_gone_total 1969955

# HELP net_dhcp_recovery_network_gone_total Networks skipped during recovery because they were removed mid-walk. Not a fault.
# TYPE net_dhcp_recovery_network_gone_total counter
net_dhcp_recovery_network_gone_total 8477203

# HELP net_dhcp_recovery_fingerprints_skipped_total Endpoints recovery adopted but could not describe, because the container inspect gave no hostname. Not healthy-affecting: they keep their renewal client and lose only address stability across their next restart.
# TYPE net_dhcp_recovery_fingerprints_skipped_total counter
net_dhcp_recovery_fingerprints_skipped_total 1130877

# HELP net_dhcp_recovery_already_managed_total Endpoints a recovery walk left alone because a Join had already claimed them. Not a fault; the only outward evidence of recovery racing a Join.
# TYPE net_dhcp_recovery_already_managed_total counter
net_dhcp_recovery_already_managed_total 7557823

# HELP net_dhcp_join_start_failures_total Joins whose DHCP client failed to start, leaving a running container without lease renewal. Healthy-affecting.
# TYPE net_dhcp_join_start_failures_total counter
net_dhcp_join_start_failures_total 1331160

# HELP net_dhcp_join_aborted_container_gone_total Joins abandoned because the container disappeared mid-attach. Not a fault.
# TYPE net_dhcp_join_aborted_container_gone_total counter
net_dhcp_join_aborted_container_gone_total 5915168

# HELP net_dhcp_join_aborted_no_container_total Joins abandoned because no container was ever found for the endpoint. Not a fault.
# TYPE net_dhcp_join_aborted_no_container_total counter
net_dhcp_join_aborted_no_container_total 4265654

# HELP net_dhcp_join_aborted_endpoint_left_total Joins abandoned because a Leave arrived while the attach was in flight. Not a fault.
# TYPE net_dhcp_join_aborted_endpoint_left_total counter
net_dhcp_join_aborted_endpoint_left_total 2013096

# HELP net_dhcp_join_attach_slow_total Attaches that outran their expected window and needed the daemon-busy grace.
# TYPE net_dhcp_join_attach_slow_total counter
net_dhcp_join_attach_slow_total 6508941

# HELP net_dhcp_displaced_stops_total DHCP managers stopped because a Join displaced them. Counts the intent to stop; it is not evidence the client went away.
# TYPE net_dhcp_displaced_stops_total counter
net_dhcp_displaced_stops_total 2730967

# HELP net_dhcp_restart_link_up_waited_total Container restarts that had to wait for the interface to come back up.
# TYPE net_dhcp_restart_link_up_waited_total counter
net_dhcp_restart_link_up_waited_total 2239453

# HELP net_dhcp_restart_link_up_timeouts_total Container restarts where the interface never came up inside the wait.
# TYPE net_dhcp_restart_link_up_timeouts_total counter
net_dhcp_restart_link_up_timeouts_total 2453629

# HELP net_dhcp_address_conflict_probes_total Conflict probes that reached a verdict. Read this before believing address_conflicts is zero: zero here means the detector never ran.
# TYPE net_dhcp_address_conflict_probes_total counter
net_dhcp_address_conflict_probes_total 8468506

# HELP net_dhcp_address_conflicts_total Leased addresses found already in use by another host. Healthy-affecting.
# TYPE net_dhcp_address_conflicts_total counter
net_dhcp_address_conflicts_total 1942014

# HELP net_dhcp_conflict_probe_failures_total Conflict probes that could not reach a verdict.
# TYPE net_dhcp_conflict_probe_failures_total counter
net_dhcp_conflict_probe_failures_total 8734728

# HELP net_dhcp_conflict_probe_stale_routes_total Leftover probe routes reclaimed from a probe cut short before it cleaned up.
# TYPE net_dhcp_conflict_probe_stale_routes_total counter
net_dhcp_conflict_probe_stale_routes_total 6653534

# HELP net_dhcp_conflict_probe_stale_addrs_total Leftover borrowed probe SOURCE addresses reclaimed from the parent NIC. The sibling conflict_probe_stale_routes covers the leftover route, which is recognisable because its destination is the probed address; the source address has random octets by design (#575) so nothing ever collided with it and it accumulated on the operator's NIC, one per stop-inside-the-probe-window. Not healthy-affecting: the probe went on to run (#723).
# TYPE net_dhcp_conflict_probe_stale_addrs_total counter
net_dhcp_conflict_probe_stale_addrs_total 4864028

# HELP net_dhcp_orphaned_leases_released_total Addresses reclaimed for a container that exited before its renewal client could attach. One per address.
# TYPE net_dhcp_orphaned_leases_released_total counter
net_dhcp_orphaned_leases_released_total 7470866

# HELP net_dhcp_orphaned_lease_release_failures_total Orphaned-lease reclaims that failed, leaving the address held until it expires.
# TYPE net_dhcp_orphaned_lease_release_failures_total counter
net_dhcp_orphaned_lease_release_failures_total 5219398

# HELP net_dhcp_parent_link_waits_total Endpoint creations that waited for their parent interface to appear.
# TYPE net_dhcp_parent_link_waits_total counter
net_dhcp_parent_link_waits_total 5247821

# HELP net_dhcp_parent_link_wait_timeouts_total Endpoint creations where the parent interface never appeared inside the wait.
# TYPE net_dhcp_parent_link_wait_timeouts_total counter
net_dhcp_parent_link_wait_timeouts_total 8552828

# HELP net_dhcp_tombstone_write_failures_total Tombstone writes that failed, so the next restart of that container picks a new MAC and address. Healthy-affecting.
# TYPE net_dhcp_tombstone_write_failures_total counter
net_dhcp_tombstone_write_failures_total 7499476

# HELP net_dhcp_tombstone_quarantines_total Times the tombstone file was found unparseable and moved aside as tombstones.json.corrupt-<ts>; every live tombstone on the host was lost with it, so containers restarting in the next TTL window come back with new MACs and addresses. Healthy-affecting.
# TYPE net_dhcp_tombstone_quarantines_total counter
net_dhcp_tombstone_quarantines_total 1780865

# HELP net_dhcp_tombstones_consumed_total Tombstones read back to preserve a container's MAC and address across a restart.
# TYPE net_dhcp_tombstones_consumed_total counter
net_dhcp_tombstones_consumed_total 5670747

# HELP net_dhcp_unsafe_hostnames_rejected_total Container hostnames dropped before reaching the DHCP client config because they carried a control character. A legitimate hostname never does, so any rise is deliberate (#692).
# TYPE net_dhcp_unsafe_hostnames_rejected_total counter
net_dhcp_unsafe_hostnames_rejected_total 5543185

# HELP net_dhcp_unsafe_option_values_dropped_total Server-chosen DHCP string values refused before use because they carried a control character, plus option-15 domains truncated at their first space. dhcpcd validates only its dname-typed options; the string-typed ones pass newlines through (#703, #704).
# TYPE net_dhcp_unsafe_option_values_dropped_total counter
net_dhcp_unsafe_option_values_dropped_total 9536334

# HELP net_dhcp_network_options_rejected_total Endpoint operations that met a network's stored options and would not act on them as written: an interface name the kernel would not accept, or a mode this plugin does not implement. DeleteEndpoint counts without refusing, so a rise does not mean nothing was torn down. Not healthy-affecting: refusing is the safe outcome and the operation already fails visibly to Docker. A rise means options persisted before name validation existed, or a hand-edited state directory (#727).
# TYPE net_dhcp_network_options_rejected_total counter
net_dhcp_network_options_rejected_total 5605255

# HELP net_dhcp_dns_propagation_pid_mismatches_total DNS propagations refused because the container PID resolved through Docker no longer belonged to that container. The plugin shares the host PID namespace, so each one is a resolv.conf write that would otherwise have landed in an unrelated host process (#688).
# TYPE net_dhcp_dns_propagation_pid_mismatches_total counter
net_dhcp_dns_propagation_pid_mismatches_total 9341279

# HELP net_dhcp_netns_pid_mismatches_total Sandbox network-namespace opens refused because the container PID resolved through Docker no longer belonged to that container. Each one is a netlink handle, and a root dhcpcd, that would otherwise have been bound to an unrelated host process's network namespace.
# TYPE net_dhcp_netns_pid_mismatches_total counter
net_dhcp_netns_pid_mismatches_total 9479108

# HELP net_dhcp_directives_refused_total dhcpcd directives dropped before being written because their value carried a control character. dhcpcd.conf has no quoting, so such a value would become a second directive; dropping is correct, but the operator hostname, vendor class or client ID it came from then never reaches the DHCP server and nothing else says so (#780).
# TYPE net_dhcp_directives_refused_total counter
net_dhcp_directives_refused_total 3390657

# HELP net_dhcp_mount_prep_failures_total Commands in a DHCP client per-client mount-namespace preparation that failed. The chain continues deliberately and dhcpcd starts anyway, so a rise is invisible in behaviour until two containers whose interface is the default eth0 collide on the dhcpcd control socket and the second client stops renewing. Counts commands, not clients: one client failing three of four steps adds 3 (#780).
# TYPE net_dhcp_mount_prep_failures_total counter
net_dhcp_mount_prep_failures_total 8228874

# HELP net_dhcp_ledger_write_failures_total Lease-ledger writes that failed.
# TYPE net_dhcp_ledger_write_failures_total counter
net_dhcp_ledger_write_failures_total 8412728
